MPLINK 4.43, Linker
Linker Map File - Created Mon Sep 10 13:02:50 2012

                                 Section Info
                  Section       Type    Address   Location Size(Bytes)
                ---------  ---------  ---------  ---------  ---------
                   .org_0       code   0x000000    program   0x000000
                   .org_1       code   0x000000    program   0x00052e
                   .org_2       code   0x0003ff    program   0x000002
     .config_2007_NESME.O       code   0x002007    program   0x000002



                              Program Memory Usage 
                               Start         End      
                           ---------   ---------      
                            0x000000    0x000296      
                            0x0003ff    0x0003ff      
                            0x002007    0x002007      
            665 out of 1158 program addresses used, program memory utilization is 57%



                              Symbols - Sorted by Name
                     Name    Address   Location    Storage File                     
                ---------  ---------  ---------  --------- ---------                
                     BIT0   0x000083    program     static D:\PIC\NES\NESME 0910\NESME.asm
                     BIT1   0x00008e    program     static D:\PIC\NES\NESME 0910\NESME.asm
                   ENCODE   0x000053    program     static D:\PIC\NES\NESME 0910\NESME.asm
                  ENCODER   0x0000de    program     static D:\PIC\NES\NESME 0910\NESME.asm
                   HEADER   0x000061    program     static D:\PIC\NES\NESME 0910\NESME.asm
                 HEADERTS   0x000107    program     static D:\PIC\NES\NESME 0910\NESME.asm
               HELLOWORLD   0x0000b5    program     static D:\PIC\NES\NESME 0910\NESME.asm
                     INIT   0x00001c    program     static D:\PIC\NES\NESME 0910\NESME.asm
               MANCHESTER   0x00005e    program     static D:\PIC\NES\NESME 0910\NESME.asm
                    OPROS   0x000026    program     static D:\PIC\NES\NESME 0910\NESME.asm
                  OUTBYTE   0x000077    program     static D:\PIC\NES\NESME 0910\NESME.asm
                OUTBYTETS   0x00010e    program     static D:\PIC\NES\NESME 0910\NESME.asm
                  OUTLOOP   0x00003a    program     static D:\PIC\NES\NESME 0910\NESME.asm
                OUTREZULT   0x000038    program     static D:\PIC\NES\NESME 0910\NESME.asm
                    PAUSE   0x0000ad    program     static D:\PIC\NES\NESME 0910\NESME.asm
                    Pause   0x000101    program     static D:\PIC\NES\NESME 0910\NESME.asm
                RS232SEND   0x0000cb    program     static D:\PIC\NES\NESME 0910\NESME.asm
                    START   0x000001    program     static D:\PIC\NES\NESME 0910\NESME.asm
                      SUM   0x000057    program     static D:\PIC\NES\NESME 0910\NESME.asm
                       T1   0x00011e    program     static D:\PIC\NES\NESME 0910\NESME.asm
                     TAKT   0x00002f    program     static D:\PIC\NES\NESME 0910\NESME.asm
                 TAKTLOOP   0x000028    program     static D:\PIC\NES\NESME 0910\NESME.asm
                 TESTSEND   0x00011c    program     static D:\PIC\NES\NESME 0910\NESME.asm
                TESTSEND2   0x00013b    program     static D:\PIC\NES\NESME 0910\NESME.asm
                TESTSEND3   0x000174    program     static D:\PIC\NES\NESME 0910\NESME.asm
               TESTSENDOK   0x0001a3    program     static D:\PIC\NES\NESME 0910\NESME.asm
                      TS1   0x000178    program     static D:\PIC\NES\NESME 0910\NESME.asm
                    TS1OK   0x0001bb    program     static D:\PIC\NES\NESME 0910\NESME.asm
                      TS2   0x000183    program     static D:\PIC\NES\NESME 0910\NESME.asm
                    TS2OK   0x0001f2    program     static D:\PIC\NES\NESME 0910\NESME.asm
                   TS2TS1   0x00013f    program     static D:\PIC\NES\NESME 0910\NESME.asm
                   TS2TS2   0x00014e    program     static D:\PIC\NES\NESME 0910\NESME.asm
                   TS2TS3   0x00015b    program     static D:\PIC\NES\NESME 0910\NESME.asm
                   TS2TS4   0x000168    program     static D:\PIC\NES\NESME 0910\NESME.asm
               TS2byte1_1   0x000142    program     static D:\PIC\NES\NESME 0910\NESME.asm
               TS2byte1_2   0x000144    program     static D:\PIC\NES\NESME 0910\NESME.asm
               TS2byte1_3   0x000146    program     static D:\PIC\NES\NESME 0910\NESME.asm
               TS2byte2_1   0x00014f    program     static D:\PIC\NES\NESME 0910\NESME.asm
               TS2byte2_2   0x000151    program     static D:\PIC\NES\NESME 0910\NESME.asm
               TS2byte2_3   0x000153    program     static D:\PIC\NES\NESME 0910\NESME.asm
               TS2byte3_1   0x00015c    program     static D:\PIC\NES\NESME 0910\NESME.asm
               TS2byte3_2   0x00015e    program     static D:\PIC\NES\NESME 0910\NESME.asm
               TS2byte3_3   0x000160    program     static D:\PIC\NES\NESME 0910\NESME.asm
               TS2byte4_1   0x000169    program     static D:\PIC\NES\NESME 0910\NESME.asm
               TS2byte4_2   0x00016b    program     static D:\PIC\NES\NESME 0910\NESME.asm
               TS2byte4_3   0x00016d    program     static D:\PIC\NES\NESME 0910\NESME.asm
                      TS3   0x00018e    program     static D:\PIC\NES\NESME 0910\NESME.asm
                    TS3OK   0x000229    program     static D:\PIC\NES\NESME 0910\NESME.asm
                      TS4   0x000199    program     static D:\PIC\NES\NESME 0910\NESME.asm
                    TS4OK   0x000260    program     static D:\PIC\NES\NESME 0910\NESME.asm
                       TX   0x0000ef    program     static D:\PIC\NES\NESME 0910\NESME.asm
               UPDATE_SUM   0x000099    program     static D:\PIC\NES\NESME 0910\NESME.asm
                     bit0   0x0000f8    program     static D:\PIC\NES\NESME 0910\NESME.asm
                     bit1   0x0000f5    program     static D:\PIC\NES\NESME 0910\NESME.asm
                  byte1_1   0x000179    program     static D:\PIC\NES\NESME 0910\NESME.asm
                byte1_1ok   0x0001d0    program     static D:\PIC\NES\NESME 0910\NESME.asm
                  byte1_2   0x00017b    program     static D:\PIC\NES\NESME 0910\NESME.asm
                byte1_2ok   0x0001da    program     static D:\PIC\NES\NESME 0910\NESME.asm
                  byte1_3   0x00017d    program     static D:\PIC\NES\NESME 0910\NESME.asm
                byte1_3ok   0x0001e4    program     static D:\PIC\NES\NESME 0910\NESME.asm
                  byte2_1   0x000184    program     static D:\PIC\NES\NESME 0910\NESME.asm
                byte2_1ok   0x000207    program     static D:\PIC\NES\NESME 0910\NESME.asm
                  byte2_2   0x000186    program     static D:\PIC\NES\NESME 0910\NESME.asm
                byte2_2ok   0x000211    program     static D:\PIC\NES\NESME 0910\NESME.asm
                  byte2_3   0x000188    program     static D:\PIC\NES\NESME 0910\NESME.asm
                byte2_3ok   0x00021b    program     static D:\PIC\NES\NESME 0910\NESME.asm
                  byte3_1   0x00018f    program     static D:\PIC\NES\NESME 0910\NESME.asm
                byte3_1ok   0x00023e    program     static D:\PIC\NES\NESME 0910\NESME.asm
                  byte3_2   0x000191    program     static D:\PIC\NES\NESME 0910\NESME.asm
                byte3_2ok   0x000248    program     static D:\PIC\NES\NESME 0910\NESME.asm
                  byte3_3   0x000193    program     static D:\PIC\NES\NESME 0910\NESME.asm
                byte3_3ok   0x000252    program     static D:\PIC\NES\NESME 0910\NESME.asm
                  byte4_1   0x00019a    program     static D:\PIC\NES\NESME 0910\NESME.asm
                byte4_1ok   0x000275    program     static D:\PIC\NES\NESME 0910\NESME.asm
                  byte4_2   0x00019c    program     static D:\PIC\NES\NESME 0910\NESME.asm
                byte4_2ok   0x00027f    program     static D:\PIC\NES\NESME 0910\NESME.asm
                  byte4_3   0x00019e    program     static D:\PIC\NES\NESME 0910\NESME.asm
                byte4_3ok   0x000289    program     static D:\PIC\NES\NESME 0910\NESME.asm
                    head0   0x000063    program     static D:\PIC\NES\NESME 0910\NESME.asm
                  head0ts   0x000109    program     static D:\PIC\NES\NESME 0910\NESME.asm
                       m1   0x0000f2    program     static D:\PIC\NES\NESME 0910\NESME.asm
                       m2   0x0000fb    program     static D:\PIC\NES\NESME 0910\NESME.asm
                 mtx_init   0x00005e    program     static D:\PIC\NES\NESME 0910\NESME.asm
                 ndelaya0   0x000084    program     static D:\PIC\NES\NESME 0910\NESME.asm
                 ndelaya1   0x000086    program     static D:\PIC\NES\NESME 0910\NESME.asm
                 ndelayb0   0x000089    program     static D:\PIC\NES\NESME 0910\NESME.asm
                 ndelayb1   0x00008b    program     static D:\PIC\NES\NESME 0910\NESME.asm
                 ndelayc0   0x00008f    program     static D:\PIC\NES\NESME 0910\NESME.asm
                 ndelayc1   0x000091    program     static D:\PIC\NES\NESME 0910\NESME.asm
                 ndelaye0   0x000094    program     static D:\PIC\NES\NESME 0910\NESME.asm
                 ndelaye1   0x000096    program     static D:\PIC\NES\NESME 0910\NESME.asm
                   outbu0   0x00006d    program     static D:\PIC\NES\NESME 0910\NESME.asm
                   outby0   0x00007a    program     static D:\PIC\NES\NESME 0910\NESME.asm
                 outby0ts   0x000111    program     static D:\PIC\NES\NESME 0910\NESME.asm
                   outby1   0x00007f    program     static D:\PIC\NES\NESME 0910\NESME.asm
                 outby1ts   0x000116    program     static D:\PIC\NES\NESME 0910\NESME.asm
                   outby2   0x000080    program     static D:\PIC\NES\NESME 0910\NESME.asm
                 outby2ts   0x000117    program     static D:\PIC\NES\NESME 0910\NESME.asm
                       wr   0x000103    program     static D:\PIC\NES\NESME 0910\NESME.asm



                              Symbols - Sorted by Address
                     Name    Address   Location    Storage File                     
                ---------  ---------  ---------  --------- ---------                
                    START   0x000001    program     static D:\PIC\NES\NESME 0910\NESME.asm
                     INIT   0x00001c    program     static D:\PIC\NES\NESME 0910\NESME.asm
                    OPROS   0x000026    program     static D:\PIC\NES\NESME 0910\NESME.asm
                 TAKTLOOP   0x000028    program     static D:\PIC\NES\NESME 0910\NESME.asm
                     TAKT   0x00002f    program     static D:\PIC\NES\NESME 0910\NESME.asm
                OUTREZULT   0x000038    program     static D:\PIC\NES\NESME 0910\NESME.asm
                  OUTLOOP   0x00003a    program     static D:\PIC\NES\NESME 0910\NESME.asm
                   ENCODE   0x000053    program     static D:\PIC\NES\NESME 0910\NESME.asm
                      SUM   0x000057    program     static D:\PIC\NES\NESME 0910\NESME.asm
               MANCHESTER   0x00005e    program     static D:\PIC\NES\NESME 0910\NESME.asm
                 mtx_init   0x00005e    program     static D:\PIC\NES\NESME 0910\NESME.asm
                   HEADER   0x000061    program     static D:\PIC\NES\NESME 0910\NESME.asm
                    head0   0x000063    program     static D:\PIC\NES\NESME 0910\NESME.asm
                   outbu0   0x00006d    program     static D:\PIC\NES\NESME 0910\NESME.asm
                  OUTBYTE   0x000077    program     static D:\PIC\NES\NESME 0910\NESME.asm
                   outby0   0x00007a    program     static D:\PIC\NES\NESME 0910\NESME.asm
                   outby1   0x00007f    program     static D:\PIC\NES\NESME 0910\NESME.asm
                   outby2   0x000080    program     static D:\PIC\NES\NESME 0910\NESME.asm
                     BIT0   0x000083    program     static D:\PIC\NES\NESME 0910\NESME.asm
                 ndelaya0   0x000084    program     static D:\PIC\NES\NESME 0910\NESME.asm
                 ndelaya1   0x000086    program     static D:\PIC\NES\NESME 0910\NESME.asm
                 ndelayb0   0x000089    program     static D:\PIC\NES\NESME 0910\NESME.asm
                 ndelayb1   0x00008b    program     static D:\PIC\NES\NESME 0910\NESME.asm
                     BIT1   0x00008e    program     static D:\PIC\NES\NESME 0910\NESME.asm
                 ndelayc0   0x00008f    program     static D:\PIC\NES\NESME 0910\NESME.asm
                 ndelayc1   0x000091    program     static D:\PIC\NES\NESME 0910\NESME.asm
                 ndelaye0   0x000094    program     static D:\PIC\NES\NESME 0910\NESME.asm
                 ndelaye1   0x000096    program     static D:\PIC\NES\NESME 0910\NESME.asm
               UPDATE_SUM   0x000099    program     static D:\PIC\NES\NESME 0910\NESME.asm
                    PAUSE   0x0000ad    program     static D:\PIC\NES\NESME 0910\NESME.asm
               HELLOWORLD   0x0000b5    program     static D:\PIC\NES\NESME 0910\NESME.asm
                RS232SEND   0x0000cb    program     static D:\PIC\NES\NESME 0910\NESME.asm
                  ENCODER   0x0000de    program     static D:\PIC\NES\NESME 0910\NESME.asm
                       TX   0x0000ef    program     static D:\PIC\NES\NESME 0910\NESME.asm
                       m1   0x0000f2    program     static D:\PIC\NES\NESME 0910\NESME.asm
                     bit1   0x0000f5    program     static D:\PIC\NES\NESME 0910\NESME.asm
                     bit0   0x0000f8    program     static D:\PIC\NES\NESME 0910\NESME.asm
                       m2   0x0000fb    program     static D:\PIC\NES\NESME 0910\NESME.asm
                    Pause   0x000101    program     static D:\PIC\NES\NESME 0910\NESME.asm
                       wr   0x000103    program     static D:\PIC\NES\NESME 0910\NESME.asm
                 HEADERTS   0x000107    program     static D:\PIC\NES\NESME 0910\NESME.asm
                  head0ts   0x000109    program     static D:\PIC\NES\NESME 0910\NESME.asm
                OUTBYTETS   0x00010e    program     static D:\PIC\NES\NESME 0910\NESME.asm
                 outby0ts   0x000111    program     static D:\PIC\NES\NESME 0910\NESME.asm
                 outby1ts   0x000116    program     static D:\PIC\NES\NESME 0910\NESME.asm
                 outby2ts   0x000117    program     static D:\PIC\NES\NESME 0910\NESME.asm
                 TESTSEND   0x00011c    program     static D:\PIC\NES\NESME 0910\NESME.asm
                       T1   0x00011e    program     static D:\PIC\NES\NESME 0910\NESME.asm
                TESTSEND2   0x00013b    program     static D:\PIC\NES\NESME 0910\NESME.asm
                   TS2TS1   0x00013f    program     static D:\PIC\NES\NESME 0910\NESME.asm
               TS2byte1_1   0x000142    program     static D:\PIC\NES\NESME 0910\NESME.asm
               TS2byte1_2   0x000144    program     static D:\PIC\NES\NESME 0910\NESME.asm
               TS2byte1_3   0x000146    program     static D:\PIC\NES\NESME 0910\NESME.asm
                   TS2TS2   0x00014e    program     static D:\PIC\NES\NESME 0910\NESME.asm
               TS2byte2_1   0x00014f    program     static D:\PIC\NES\NESME 0910\NESME.asm
               TS2byte2_2   0x000151    program     static D:\PIC\NES\NESME 0910\NESME.asm
               TS2byte2_3   0x000153    program     static D:\PIC\NES\NESME 0910\NESME.asm
                   TS2TS3   0x00015b    program     static D:\PIC\NES\NESME 0910\NESME.asm
               TS2byte3_1   0x00015c    program     static D:\PIC\NES\NESME 0910\NESME.asm
               TS2byte3_2   0x00015e    program     static D:\PIC\NES\NESME 0910\NESME.asm
               TS2byte3_3   0x000160    program     static D:\PIC\NES\NESME 0910\NESME.asm
                   TS2TS4   0x000168    program     static D:\PIC\NES\NESME 0910\NESME.asm
               TS2byte4_1   0x000169    program     static D:\PIC\NES\NESME 0910\NESME.asm
               TS2byte4_2   0x00016b    program     static D:\PIC\NES\NESME 0910\NESME.asm
               TS2byte4_3   0x00016d    program     static D:\PIC\NES\NESME 0910\NESME.asm
                TESTSEND3   0x000174    program     static D:\PIC\NES\NESME 0910\NESME.asm
                      TS1   0x000178    program     static D:\PIC\NES\NESME 0910\NESME.asm
                  byte1_1   0x000179    program     static D:\PIC\NES\NESME 0910\NESME.asm
                  byte1_2   0x00017b    program     static D:\PIC\NES\NESME 0910\NESME.asm
                  byte1_3   0x00017d    program     static D:\PIC\NES\NESME 0910\NESME.asm
                      TS2   0x000183    program     static D:\PIC\NES\NESME 0910\NESME.asm
                  byte2_1   0x000184    program     static D:\PIC\NES\NESME 0910\NESME.asm
                  byte2_2   0x000186    program     static D:\PIC\NES\NESME 0910\NESME.asm
                  byte2_3   0x000188    program     static D:\PIC\NES\NESME 0910\NESME.asm
                      TS3   0x00018e    program     static D:\PIC\NES\NESME 0910\NESME.asm
                  byte3_1   0x00018f    program     static D:\PIC\NES\NESME 0910\NESME.asm
                  byte3_2   0x000191    program     static D:\PIC\NES\NESME 0910\NESME.asm
                  byte3_3   0x000193    program     static D:\PIC\NES\NESME 0910\NESME.asm
                      TS4   0x000199    program     static D:\PIC\NES\NESME 0910\NESME.asm
                  byte4_1   0x00019a    program     static D:\PIC\NES\NESME 0910\NESME.asm
                  byte4_2   0x00019c    program     static D:\PIC\NES\NESME 0910\NESME.asm
                  byte4_3   0x00019e    program     static D:\PIC\NES\NESME 0910\NESME.asm
               TESTSENDOK   0x0001a3    program     static D:\PIC\NES\NESME 0910\NESME.asm
                    TS1OK   0x0001bb    program     static D:\PIC\NES\NESME 0910\NESME.asm
                byte1_1ok   0x0001d0    program     static D:\PIC\NES\NESME 0910\NESME.asm
                byte1_2ok   0x0001da    program     static D:\PIC\NES\NESME 0910\NESME.asm
                byte1_3ok   0x0001e4    program     static D:\PIC\NES\NESME 0910\NESME.asm
                    TS2OK   0x0001f2    program     static D:\PIC\NES\NESME 0910\NESME.asm
                byte2_1ok   0x000207    program     static D:\PIC\NES\NESME 0910\NESME.asm
                byte2_2ok   0x000211    program     static D:\PIC\NES\NESME 0910\NESME.asm
                byte2_3ok   0x00021b    program     static D:\PIC\NES\NESME 0910\NESME.asm
                    TS3OK   0x000229    program     static D:\PIC\NES\NESME 0910\NESME.asm
                byte3_1ok   0x00023e    program     static D:\PIC\NES\NESME 0910\NESME.asm
                byte3_2ok   0x000248    program     static D:\PIC\NES\NESME 0910\NESME.asm
                byte3_3ok   0x000252    program     static D:\PIC\NES\NESME 0910\NESME.asm
                    TS4OK   0x000260    program     static D:\PIC\NES\NESME 0910\NESME.asm
                byte4_1ok   0x000275    program     static D:\PIC\NES\NESME 0910\NESME.asm
                byte4_2ok   0x00027f    program     static D:\PIC\NES\NESME 0910\NESME.asm
                byte4_3ok   0x000289    program     static D:\PIC\NES\NESME 0910\NESME.asm


