MPLINK 4.35, Linker
Linker Map File - Created Sat Jul 07 13:40:14 2012

                                 Section Info
                  Section       Type    Address   Location Size(Bytes)
                ---------  ---------  ---------  ---------  ---------
                   .org_0       code   0x000000    program   0x000000
                   .org_1       code   0x000000    program   0x0001f8
                   .org_2       code   0x0003ff    program   0x000002
     .config_2007_NESME.O       code   0x002007    program   0x000002



                              Program Memory Usage 
                               Start         End      
                           ---------   ---------      
                            0x000000    0x0000fb      
                            0x0003ff    0x0003ff      
                            0x002007    0x002007      
            254 out of 1168 program addresses used, program memory utilization is 21%



                              Symbols - Sorted by Name
                     Name    Address   Location    Storage File                     
                ---------  ---------  ---------  --------- ---------                
                     BIT0   0x00007d    program     static D:\PIC\NES\NESME 0707\NESME.asm
                     BIT1   0x000088    program     static D:\PIC\NES\NESME 0707\NESME.asm
                   ENCODE   0x0000a7    program     static D:\PIC\NES\NESME 0707\NESME.asm
                   HEADER   0x00005b    program     static D:\PIC\NES\NESME 0707\NESME.asm
                     INIT   0x00001f    program     static D:\PIC\NES\NESME 0707\NESME.asm
                 LEDBLINK   0x000017    program     static D:\PIC\NES\NESME 0707\NESME.asm
                LEDBLINK2   0x000050    program     static D:\PIC\NES\NESME 0707\NESME.asm
               MANCHESTER   0x000059    program     static D:\PIC\NES\NESME 0707\NESME.asm
                    OPROS   0x000025    program     static D:\PIC\NES\NESME 0707\NESME.asm
                  OUTBYTE   0x000071    program     static D:\PIC\NES\NESME 0707\NESME.asm
                  OUTLOOP   0x00003b    program     static D:\PIC\NES\NESME 0707\NESME.asm
                OUTREZULT   0x000039    program     static D:\PIC\NES\NESME 0707\NESME.asm
                    PAUSE   0x0000b3    program     static D:\PIC\NES\NESME 0707\NESME.asm
                    START   0x000001    program     static D:\PIC\NES\NESME 0707\NESME.asm
                      SUM   0x0000ab    program     static D:\PIC\NES\NESME 0707\NESME.asm
                     TAKT   0x00002e    program     static D:\PIC\NES\NESME 0707\NESME.asm
                 TAKTLOOP   0x000027    program     static D:\PIC\NES\NESME 0707\NESME.asm
                 TESTSEND   0x0000bb    program     static D:\PIC\NES\NESME 0707\NESME.asm
               UPDATE_SUM   0x000093    program     static D:\PIC\NES\NESME 0707\NESME.asm
                    byte1   0x0000d2    program     static D:\PIC\NES\NESME 0707\NESME.asm
                    byte2   0x0000dc    program     static D:\PIC\NES\NESME 0707\NESME.asm
                    byte3   0x0000e6    program     static D:\PIC\NES\NESME 0707\NESME.asm
                    head0   0x00005d    program     static D:\PIC\NES\NESME 0707\NESME.asm
                 mtx_init   0x000059    program     static D:\PIC\NES\NESME 0707\NESME.asm
                 ndelaya0   0x00007e    program     static D:\PIC\NES\NESME 0707\NESME.asm
                 ndelaya1   0x000080    program     static D:\PIC\NES\NESME 0707\NESME.asm
                 ndelayb0   0x000083    program     static D:\PIC\NES\NESME 0707\NESME.asm
                 ndelayb1   0x000085    program     static D:\PIC\NES\NESME 0707\NESME.asm
                 ndelayc0   0x000089    program     static D:\PIC\NES\NESME 0707\NESME.asm
                 ndelayc1   0x00008b    program     static D:\PIC\NES\NESME 0707\NESME.asm
                 ndelaye0   0x00008e    program     static D:\PIC\NES\NESME 0707\NESME.asm
                 ndelaye1   0x000090    program     static D:\PIC\NES\NESME 0707\NESME.asm
                   outbu0   0x000067    program     static D:\PIC\NES\NESME 0707\NESME.asm
                   outby0   0x000074    program     static D:\PIC\NES\NESME 0707\NESME.asm
                   outby1   0x000079    program     static D:\PIC\NES\NESME 0707\NESME.asm
                   outby2   0x00007a    program     static D:\PIC\NES\NESME 0707\NESME.asm



                              Symbols - Sorted by Address
                     Name    Address   Location    Storage File                     
                ---------  ---------  ---------  --------- ---------                
                    START   0x000001    program     static D:\PIC\NES\NESME 0707\NESME.asm
                 LEDBLINK   0x000017    program     static D:\PIC\NES\NESME 0707\NESME.asm
                     INIT   0x00001f    program     static D:\PIC\NES\NESME 0707\NESME.asm
                    OPROS   0x000025    program     static D:\PIC\NES\NESME 0707\NESME.asm
                 TAKTLOOP   0x000027    program     static D:\PIC\NES\NESME 0707\NESME.asm
                     TAKT   0x00002e    program     static D:\PIC\NES\NESME 0707\NESME.asm
                OUTREZULT   0x000039    program     static D:\PIC\NES\NESME 0707\NESME.asm
                  OUTLOOP   0x00003b    program     static D:\PIC\NES\NESME 0707\NESME.asm
                LEDBLINK2   0x000050    program     static D:\PIC\NES\NESME 0707\NESME.asm
               MANCHESTER   0x000059    program     static D:\PIC\NES\NESME 0707\NESME.asm
                 mtx_init   0x000059    program     static D:\PIC\NES\NESME 0707\NESME.asm
                   HEADER   0x00005b    program     static D:\PIC\NES\NESME 0707\NESME.asm
                    head0   0x00005d    program     static D:\PIC\NES\NESME 0707\NESME.asm
                   outbu0   0x000067    program     static D:\PIC\NES\NESME 0707\NESME.asm
                  OUTBYTE   0x000071    program     static D:\PIC\NES\NESME 0707\NESME.asm
                   outby0   0x000074    program     static D:\PIC\NES\NESME 0707\NESME.asm
                   outby1   0x000079    program     static D:\PIC\NES\NESME 0707\NESME.asm
                   outby2   0x00007a    program     static D:\PIC\NES\NESME 0707\NESME.asm
                     BIT0   0x00007d    program     static D:\PIC\NES\NESME 0707\NESME.asm
                 ndelaya0   0x00007e    program     static D:\PIC\NES\NESME 0707\NESME.asm
                 ndelaya1   0x000080    program     static D:\PIC\NES\NESME 0707\NESME.asm
                 ndelayb0   0x000083    program     static D:\PIC\NES\NESME 0707\NESME.asm
                 ndelayb1   0x000085    program     static D:\PIC\NES\NESME 0707\NESME.asm
                     BIT1   0x000088    program     static D:\PIC\NES\NESME 0707\NESME.asm
                 ndelayc0   0x000089    program     static D:\PIC\NES\NESME 0707\NESME.asm
                 ndelayc1   0x00008b    program     static D:\PIC\NES\NESME 0707\NESME.asm
                 ndelaye0   0x00008e    program     static D:\PIC\NES\NESME 0707\NESME.asm
                 ndelaye1   0x000090    program     static D:\PIC\NES\NESME 0707\NESME.asm
               UPDATE_SUM   0x000093    program     static D:\PIC\NES\NESME 0707\NESME.asm
                   ENCODE   0x0000a7    program     static D:\PIC\NES\NESME 0707\NESME.asm
                      SUM   0x0000ab    program     static D:\PIC\NES\NESME 0707\NESME.asm
                    PAUSE   0x0000b3    program     static D:\PIC\NES\NESME 0707\NESME.asm
                 TESTSEND   0x0000bb    program     static D:\PIC\NES\NESME 0707\NESME.asm
                    byte1   0x0000d2    program     static D:\PIC\NES\NESME 0707\NESME.asm
                    byte2   0x0000dc    program     static D:\PIC\NES\NESME 0707\NESME.asm
                    byte3   0x0000e6    program     static D:\PIC\NES\NESME 0707\NESME.asm


