MPLINK 4.35, Linker
Linker Map File - Created Wed Jul 11 14:21:52 2012

                                 Section Info
                  Section       Type    Address   Location Size(Bytes)
                ---------  ---------  ---------  ---------  ---------
                   .org_0       code   0x000000    program   0x000000
                   .org_1       code   0x000000    program   0x0002a4
     .config_2007_NESME.O       code   0x002007    program   0x000002



                              Program Memory Usage 
                               Start         End      
                           ---------   ---------      
                            0x000000    0x000151      
                            0x002007    0x002007      
            339 out of 1168 program addresses used, program memory utilization is 29%



                              Symbols - Sorted by Name
                     Name    Address   Location    Storage File                     
                ---------  ---------  ---------  --------- ---------                
                     BIT0   0x000074    program     static D:\PIC\NES\NESME 1107\NESME.asm
                     BIT1   0x000080    program     static D:\PIC\NES\NESME 1107\NESME.asm
                    Delay   0x0000b4    program     static D:\PIC\NES\NESME 1107\NESME.asm
                  Delay_0   0x0000b8    program     static D:\PIC\NES\NESME 1107\NESME.asm
                   ENCODE   0x0000a0    program     static D:\PIC\NES\NESME 1107\NESME.asm
                   HEADER   0x000052    program     static D:\PIC\NES\NESME 1107\NESME.asm
                     INIT   0x00001e    program     static D:\PIC\NES\NESME 1107\NESME.asm
                 LEDBLINK   0x000015    program     static D:\PIC\NES\NESME 1107\NESME.asm
               MANCHESTER   0x000051    program     static D:\PIC\NES\NESME 1107\NESME.asm
                    OPROS   0x000025    program     static D:\PIC\NES\NESME 1107\NESME.asm
                  OUTBYTE   0x000068    program     static D:\PIC\NES\NESME 1107\NESME.asm
                  OUTLOOP   0x00003b    program     static D:\PIC\NES\NESME 1107\NESME.asm
                OUTREZULT   0x000039    program     static D:\PIC\NES\NESME 1107\NESME.asm
                    PAUSE   0x0000ac    program     static D:\PIC\NES\NESME 1107\NESME.asm
                    START   0x000001    program     static D:\PIC\NES\NESME 1107\NESME.asm
                      SUM   0x0000a4    program     static D:\PIC\NES\NESME 1107\NESME.asm
                     TAKT   0x00002e    program     static D:\PIC\NES\NESME 1107\NESME.asm
                 TAKTLOOP   0x000027    program     static D:\PIC\NES\NESME 1107\NESME.asm
                 TESTSEND   0x0000bf    program     static D:\PIC\NES\NESME 1107\NESME.asm
                TESTSEND2   0x0000f6    program     static D:\PIC\NES\NESME 1107\NESME.asm
               UPDATE_SUM   0x00008c    program     static D:\PIC\NES\NESME 1107\NESME.asm
                    byte1   0x0000d6    program     static D:\PIC\NES\NESME 1107\NESME.asm
                    byte2   0x0000e0    program     static D:\PIC\NES\NESME 1107\NESME.asm
                    byte3   0x0000ea    program     static D:\PIC\NES\NESME 1107\NESME.asm
                    head0   0x000054    program     static D:\PIC\NES\NESME 1107\NESME.asm
                 mtx_init   0x000052    program     static D:\PIC\NES\NESME 1107\NESME.asm
                 ndelaya0   0x000076    program     static D:\PIC\NES\NESME 1107\NESME.asm
                 ndelaya1   0x000078    program     static D:\PIC\NES\NESME 1107\NESME.asm
                 ndelayb0   0x00007b    program     static D:\PIC\NES\NESME 1107\NESME.asm
                 ndelayb1   0x00007d    program     static D:\PIC\NES\NESME 1107\NESME.asm
                 ndelayc0   0x000082    program     static D:\PIC\NES\NESME 1107\NESME.asm
                 ndelayc1   0x000084    program     static D:\PIC\NES\NESME 1107\NESME.asm
                 ndelaye0   0x000087    program     static D:\PIC\NES\NESME 1107\NESME.asm
                 ndelaye1   0x000089    program     static D:\PIC\NES\NESME 1107\NESME.asm
                   outbu0   0x00005e    program     static D:\PIC\NES\NESME 1107\NESME.asm
                   outby0   0x00006b    program     static D:\PIC\NES\NESME 1107\NESME.asm
                   outby1   0x000070    program     static D:\PIC\NES\NESME 1107\NESME.asm
                   outby2   0x000071    program     static D:\PIC\NES\NESME 1107\NESME.asm



                              Symbols - Sorted by Address
                     Name    Address   Location    Storage File                     
                ---------  ---------  ---------  --------- ---------                
                    START   0x000001    program     static D:\PIC\NES\NESME 1107\NESME.asm
                 LEDBLINK   0x000015    program     static D:\PIC\NES\NESME 1107\NESME.asm
                     INIT   0x00001e    program     static D:\PIC\NES\NESME 1107\NESME.asm
                    OPROS   0x000025    program     static D:\PIC\NES\NESME 1107\NESME.asm
                 TAKTLOOP   0x000027    program     static D:\PIC\NES\NESME 1107\NESME.asm
                     TAKT   0x00002e    program     static D:\PIC\NES\NESME 1107\NESME.asm
                OUTREZULT   0x000039    program     static D:\PIC\NES\NESME 1107\NESME.asm
                  OUTLOOP   0x00003b    program     static D:\PIC\NES\NESME 1107\NESME.asm
               MANCHESTER   0x000051    program     static D:\PIC\NES\NESME 1107\NESME.asm
                   HEADER   0x000052    program     static D:\PIC\NES\NESME 1107\NESME.asm
                 mtx_init   0x000052    program     static D:\PIC\NES\NESME 1107\NESME.asm
                    head0   0x000054    program     static D:\PIC\NES\NESME 1107\NESME.asm
                   outbu0   0x00005e    program     static D:\PIC\NES\NESME 1107\NESME.asm
                  OUTBYTE   0x000068    program     static D:\PIC\NES\NESME 1107\NESME.asm
                   outby0   0x00006b    program     static D:\PIC\NES\NESME 1107\NESME.asm
                   outby1   0x000070    program     static D:\PIC\NES\NESME 1107\NESME.asm
                   outby2   0x000071    program     static D:\PIC\NES\NESME 1107\NESME.asm
                     BIT0   0x000074    program     static D:\PIC\NES\NESME 1107\NESME.asm
                 ndelaya0   0x000076    program     static D:\PIC\NES\NESME 1107\NESME.asm
                 ndelaya1   0x000078    program     static D:\PIC\NES\NESME 1107\NESME.asm
                 ndelayb0   0x00007b    program     static D:\PIC\NES\NESME 1107\NESME.asm
                 ndelayb1   0x00007d    program     static D:\PIC\NES\NESME 1107\NESME.asm
                     BIT1   0x000080    program     static D:\PIC\NES\NESME 1107\NESME.asm
                 ndelayc0   0x000082    program     static D:\PIC\NES\NESME 1107\NESME.asm
                 ndelayc1   0x000084    program     static D:\PIC\NES\NESME 1107\NESME.asm
                 ndelaye0   0x000087    program     static D:\PIC\NES\NESME 1107\NESME.asm
                 ndelaye1   0x000089    program     static D:\PIC\NES\NESME 1107\NESME.asm
               UPDATE_SUM   0x00008c    program     static D:\PIC\NES\NESME 1107\NESME.asm
                   ENCODE   0x0000a0    program     static D:\PIC\NES\NESME 1107\NESME.asm
                      SUM   0x0000a4    program     static D:\PIC\NES\NESME 1107\NESME.asm
                    PAUSE   0x0000ac    program     static D:\PIC\NES\NESME 1107\NESME.asm
                    Delay   0x0000b4    program     static D:\PIC\NES\NESME 1107\NESME.asm
                  Delay_0   0x0000b8    program     static D:\PIC\NES\NESME 1107\NESME.asm
                 TESTSEND   0x0000bf    program     static D:\PIC\NES\NESME 1107\NESME.asm
                    byte1   0x0000d6    program     static D:\PIC\NES\NESME 1107\NESME.asm
                    byte2   0x0000e0    program     static D:\PIC\NES\NESME 1107\NESME.asm
                    byte3   0x0000ea    program     static D:\PIC\NES\NESME 1107\NESME.asm
                TESTSEND2   0x0000f6    program     static D:\PIC\NES\NESME 1107\NESME.asm


