MPLINK 4.35, Linker
Linker Map File - Created Thu Jun 14 15:51:59 2012

                                 Section Info
                  Section       Type    Address   Location Size(Bytes)
                ---------  ---------  ---------  ---------  ---------
                   .org_0       code   0x000000    program   0x000062
                   .cinit    romdata   0x000031    program   0x000004
.config_2007_NES JOYSTICK DECODER.O       code   0x002007    program   0x000002



                              Program Memory Usage 
                               Start         End      
                           ---------   ---------      
                            0x000000    0x000032      
                            0x002007    0x002007      
            52 out of 1168 program addresses used, program memory utilization is 4%



                              Symbols - Sorted by Name
                     Name    Address   Location    Storage File                     
                ---------  ---------  ---------  --------- ---------                
                     INIT   0x000013    program     static D:\PIC\NES Joystick Decoder\NES Joystick Decoder.asm
                    OPROS   0x00001b    program     static D:\PIC\NES Joystick Decoder\NES Joystick Decoder.asm
                  OUTLOOP   0x00002c    program     static D:\PIC\NES Joystick Decoder\NES Joystick Decoder.asm
                OUTREZULT   0x00002a    program     static D:\PIC\NES Joystick Decoder\NES Joystick Decoder.asm
                    START   0x000001    program     static D:\PIC\NES Joystick Decoder\NES Joystick Decoder.asm
                     TAKT   0x000024    program     static D:\PIC\NES Joystick Decoder\NES Joystick Decoder.asm
                 TAKTLOOP   0x00001d    program     static D:\PIC\NES Joystick Decoder\NES Joystick Decoder.asm
             _.org_0_0019   0x000019    program     static D:\PIC\NES Joystick Decoder\NES Joystick Decoder.asm



                              Symbols - Sorted by Address
                     Name    Address   Location    Storage File                     
                ---------  ---------  ---------  --------- ---------                
                    START   0x000001    program     static D:\PIC\NES Joystick Decoder\NES Joystick Decoder.asm
                     INIT   0x000013    program     static D:\PIC\NES Joystick Decoder\NES Joystick Decoder.asm
             _.org_0_0019   0x000019    program     static D:\PIC\NES Joystick Decoder\NES Joystick Decoder.asm
                    OPROS   0x00001b    program     static D:\PIC\NES Joystick Decoder\NES Joystick Decoder.asm
                 TAKTLOOP   0x00001d    program     static D:\PIC\NES Joystick Decoder\NES Joystick Decoder.asm
                     TAKT   0x000024    program     static D:\PIC\NES Joystick Decoder\NES Joystick Decoder.asm
                OUTREZULT   0x00002a    program     static D:\PIC\NES Joystick Decoder\NES Joystick Decoder.asm
                  OUTLOOP   0x00002c    program     static D:\PIC\NES Joystick Decoder\NES Joystick Decoder.asm


