MPLINK 4.35, Linker
Linker Map File - Created Fri Oct 28 15:26:54 2011

                                 Section Info
                  Section       Type    Address   Location Size(Bytes)
                ---------  ---------  ---------  ---------  ---------
                   .org_0       code   0x000000    program   0x000000
                   .org_1       code   0x000000    program   0x00006a
       .config_2007_LCF.O       code   0x002007    program   0x000002



                              Program Memory Usage 
                               Start         End      
                           ---------   ---------      
                            0x000000    0x000034      
                            0x002007    0x002007      
            54 out of 1093 program addresses used, program memory utilization is 4%



                              Symbols - Sorted by Name
                     Name    Address   Location    Storage File                     
                ---------  ---------  ---------  --------- ---------                
                   DECODE   0x000028    program     static D:\PIC\LCF\LCF.asm       
                 LCDSTART   0x000013    program     static D:\PIC\LCF\LCF.asm       
                     LOOP   0x000010    program     static D:\PIC\LCF\LCF.asm       
                    START   0x000001    program     static D:\PIC\LCF\LCF.asm       
                    TOLCD   0x000019    program     static D:\PIC\LCF\LCF.asm       



                              Symbols - Sorted by Address
                     Name    Address   Location    Storage File                     
                ---------  ---------  ---------  --------- ---------                
                    START   0x000001    program     static D:\PIC\LCF\LCF.asm       
                     LOOP   0x000010    program     static D:\PIC\LCF\LCF.asm       
                 LCDSTART   0x000013    program     static D:\PIC\LCF\LCF.asm       
                    TOLCD   0x000019    program     static D:\PIC\LCF\LCF.asm       
                   DECODE   0x000028    program     static D:\PIC\LCF\LCF.asm       


