MPLINK 4.35, Linker
Linker Map File - Created Sat Jul 28 15:27:42 2012

                                 Section Info
                  Section       Type    Address   Location Size(Bytes)
                ---------  ---------  ---------  ---------  ---------
                   .org_0       code   0x000000    program   0x000000
                   .org_1       code   0x000000    program   0x000474
                   .org_2       code   0x0003ff    program   0x000002
     .config_2007_NESME.O       code   0x002007    program   0x000002



                              Program Memory Usage 
                               Start         End      
                           ---------   ---------      
                            0x000000    0x000239      
                            0x0003ff    0x0003ff      
                            0x002007    0x002007      
            572 out of 1168 program addresses used, program memory utilization is 48%



                              Symbols - Sorted by Name
                     Name    Address   Location    Storage File                     
                ---------  ---------  ---------  --------- ---------                
                     BIT0   0x00006c    program     static D:\PIC\NES\NESME 1307h\NESME.asm
                     BIT1   0x000077    program     static D:\PIC\NES\NESME 1307h\NESME.asm
                   ENCODE   0x000096    program     static D:\PIC\NES\NESME 1307h\NESME.asm
                   HEADER   0x00004a    program     static D:\PIC\NES\NESME 1307h\NESME.asm
                 HEADERTS   0x0000aa    program     static D:\PIC\NES\NESME 1307h\NESME.asm
                     INIT   0x000015    program     static D:\PIC\NES\NESME 1307h\NESME.asm
               MANCHESTER   0x000047    program     static D:\PIC\NES\NESME 1307h\NESME.asm
                    OPROS   0x00001b    program     static D:\PIC\NES\NESME 1307h\NESME.asm
                  OUTBYTE   0x000060    program     static D:\PIC\NES\NESME 1307h\NESME.asm
                OUTBYTETS   0x0000b1    program     static D:\PIC\NES\NESME 1307h\NESME.asm
                  OUTLOOP   0x000031    program     static D:\PIC\NES\NESME 1307h\NESME.asm
                OUTREZULT   0x00002f    program     static D:\PIC\NES\NESME 1307h\NESME.asm
                    PAUSE   0x0000a2    program     static D:\PIC\NES\NESME 1307h\NESME.asm
                    START   0x000001    program     static D:\PIC\NES\NESME 1307h\NESME.asm
                      SUM   0x00009a    program     static D:\PIC\NES\NESME 1307h\NESME.asm
                       T1   0x0000c1    program     static D:\PIC\NES\NESME 1307h\NESME.asm
                     TAKT   0x000024    program     static D:\PIC\NES\NESME 1307h\NESME.asm
                 TAKTLOOP   0x00001d    program     static D:\PIC\NES\NESME 1307h\NESME.asm
                 TESTSEND   0x0000bf    program     static D:\PIC\NES\NESME 1307h\NESME.asm
                TESTSEND2   0x0000de    program     static D:\PIC\NES\NESME 1307h\NESME.asm
                TESTSEND3   0x000117    program     static D:\PIC\NES\NESME 1307h\NESME.asm
               TESTSENDOK   0x000146    program     static D:\PIC\NES\NESME 1307h\NESME.asm
                      TS1   0x00011b    program     static D:\PIC\NES\NESME 1307h\NESME.asm
                    TS1OK   0x00015e    program     static D:\PIC\NES\NESME 1307h\NESME.asm
                      TS2   0x000126    program     static D:\PIC\NES\NESME 1307h\NESME.asm
                    TS2OK   0x000195    program     static D:\PIC\NES\NESME 1307h\NESME.asm
                   TS2TS1   0x0000e2    program     static D:\PIC\NES\NESME 1307h\NESME.asm
                   TS2TS2   0x0000f1    program     static D:\PIC\NES\NESME 1307h\NESME.asm
                   TS2TS3   0x0000fe    program     static D:\PIC\NES\NESME 1307h\NESME.asm
                   TS2TS4   0x00010b    program     static D:\PIC\NES\NESME 1307h\NESME.asm
               TS2byte1_1   0x0000e5    program     static D:\PIC\NES\NESME 1307h\NESME.asm
               TS2byte1_2   0x0000e7    program     static D:\PIC\NES\NESME 1307h\NESME.asm
               TS2byte1_3   0x0000e9    program     static D:\PIC\NES\NESME 1307h\NESME.asm
               TS2byte2_1   0x0000f2    program     static D:\PIC\NES\NESME 1307h\NESME.asm
               TS2byte2_2   0x0000f4    program     static D:\PIC\NES\NESME 1307h\NESME.asm
               TS2byte2_3   0x0000f6    program     static D:\PIC\NES\NESME 1307h\NESME.asm
               TS2byte3_1   0x0000ff    program     static D:\PIC\NES\NESME 1307h\NESME.asm
               TS2byte3_2   0x000101    program     static D:\PIC\NES\NESME 1307h\NESME.asm
               TS2byte3_3   0x000103    program     static D:\PIC\NES\NESME 1307h\NESME.asm
               TS2byte4_1   0x00010c    program     static D:\PIC\NES\NESME 1307h\NESME.asm
               TS2byte4_2   0x00010e    program     static D:\PIC\NES\NESME 1307h\NESME.asm
               TS2byte4_3   0x000110    program     static D:\PIC\NES\NESME 1307h\NESME.asm
                      TS3   0x000131    program     static D:\PIC\NES\NESME 1307h\NESME.asm
                    TS3OK   0x0001cc    program     static D:\PIC\NES\NESME 1307h\NESME.asm
                      TS4   0x00013c    program     static D:\PIC\NES\NESME 1307h\NESME.asm
                    TS4OK   0x000203    program     static D:\PIC\NES\NESME 1307h\NESME.asm
               UPDATE_SUM   0x000082    program     static D:\PIC\NES\NESME 1307h\NESME.asm
                  byte1_1   0x00011c    program     static D:\PIC\NES\NESME 1307h\NESME.asm
                byte1_1ok   0x000173    program     static D:\PIC\NES\NESME 1307h\NESME.asm
                  byte1_2   0x00011e    program     static D:\PIC\NES\NESME 1307h\NESME.asm
                byte1_2ok   0x00017d    program     static D:\PIC\NES\NESME 1307h\NESME.asm
                  byte1_3   0x000120    program     static D:\PIC\NES\NESME 1307h\NESME.asm
                byte1_3ok   0x000187    program     static D:\PIC\NES\NESME 1307h\NESME.asm
                  byte2_1   0x000127    program     static D:\PIC\NES\NESME 1307h\NESME.asm
                byte2_1ok   0x0001aa    program     static D:\PIC\NES\NESME 1307h\NESME.asm
                  byte2_2   0x000129    program     static D:\PIC\NES\NESME 1307h\NESME.asm
                byte2_2ok   0x0001b4    program     static D:\PIC\NES\NESME 1307h\NESME.asm
                  byte2_3   0x00012b    program     static D:\PIC\NES\NESME 1307h\NESME.asm
                byte2_3ok   0x0001be    program     static D:\PIC\NES\NESME 1307h\NESME.asm
                  byte3_1   0x000132    program     static D:\PIC\NES\NESME 1307h\NESME.asm
                byte3_1ok   0x0001e1    program     static D:\PIC\NES\NESME 1307h\NESME.asm
                  byte3_2   0x000134    program     static D:\PIC\NES\NESME 1307h\NESME.asm
                byte3_2ok   0x0001eb    program     static D:\PIC\NES\NESME 1307h\NESME.asm
                  byte3_3   0x000136    program     static D:\PIC\NES\NESME 1307h\NESME.asm
                byte3_3ok   0x0001f5    program     static D:\PIC\NES\NESME 1307h\NESME.asm
                  byte4_1   0x00013d    program     static D:\PIC\NES\NESME 1307h\NESME.asm
                byte4_1ok   0x000218    program     static D:\PIC\NES\NESME 1307h\NESME.asm
                  byte4_2   0x00013f    program     static D:\PIC\NES\NESME 1307h\NESME.asm
                byte4_2ok   0x000222    program     static D:\PIC\NES\NESME 1307h\NESME.asm
                  byte4_3   0x000141    program     static D:\PIC\NES\NESME 1307h\NESME.asm
                byte4_3ok   0x00022c    program     static D:\PIC\NES\NESME 1307h\NESME.asm
                    head0   0x00004c    program     static D:\PIC\NES\NESME 1307h\NESME.asm
                  head0ts   0x0000ac    program     static D:\PIC\NES\NESME 1307h\NESME.asm
                 mtx_init   0x000047    program     static D:\PIC\NES\NESME 1307h\NESME.asm
                 ndelaya0   0x00006d    program     static D:\PIC\NES\NESME 1307h\NESME.asm
                 ndelaya1   0x00006f    program     static D:\PIC\NES\NESME 1307h\NESME.asm
                 ndelayb0   0x000072    program     static D:\PIC\NES\NESME 1307h\NESME.asm
                 ndelayb1   0x000074    program     static D:\PIC\NES\NESME 1307h\NESME.asm
                 ndelayc0   0x000078    program     static D:\PIC\NES\NESME 1307h\NESME.asm
                 ndelayc1   0x00007a    program     static D:\PIC\NES\NESME 1307h\NESME.asm
                 ndelaye0   0x00007d    program     static D:\PIC\NES\NESME 1307h\NESME.asm
                 ndelaye1   0x00007f    program     static D:\PIC\NES\NESME 1307h\NESME.asm
                   outbu0   0x000056    program     static D:\PIC\NES\NESME 1307h\NESME.asm
                   outby0   0x000063    program     static D:\PIC\NES\NESME 1307h\NESME.asm
                 outby0ts   0x0000b4    program     static D:\PIC\NES\NESME 1307h\NESME.asm
                   outby1   0x000068    program     static D:\PIC\NES\NESME 1307h\NESME.asm
                 outby1ts   0x0000b9    program     static D:\PIC\NES\NESME 1307h\NESME.asm
                   outby2   0x000069    program     static D:\PIC\NES\NESME 1307h\NESME.asm
                 outby2ts   0x0000ba    program     static D:\PIC\NES\NESME 1307h\NESME.asm



                              Symbols - Sorted by Address
                     Name    Address   Location    Storage File                     
                ---------  ---------  ---------  --------- ---------                
                    START   0x000001    program     static D:\PIC\NES\NESME 1307h\NESME.asm
                     INIT   0x000015    program     static D:\PIC\NES\NESME 1307h\NESME.asm
                    OPROS   0x00001b    program     static D:\PIC\NES\NESME 1307h\NESME.asm
                 TAKTLOOP   0x00001d    program     static D:\PIC\NES\NESME 1307h\NESME.asm
                     TAKT   0x000024    program     static D:\PIC\NES\NESME 1307h\NESME.asm
                OUTREZULT   0x00002f    program     static D:\PIC\NES\NESME 1307h\NESME.asm
                  OUTLOOP   0x000031    program     static D:\PIC\NES\NESME 1307h\NESME.asm
                 mtx_init   0x000047    program     static D:\PIC\NES\NESME 1307h\NESME.asm
               MANCHESTER   0x000047    program     static D:\PIC\NES\NESME 1307h\NESME.asm
                   HEADER   0x00004a    program     static D:\PIC\NES\NESME 1307h\NESME.asm
                    head0   0x00004c    program     static D:\PIC\NES\NESME 1307h\NESME.asm
                   outbu0   0x000056    program     static D:\PIC\NES\NESME 1307h\NESME.asm
                  OUTBYTE   0x000060    program     static D:\PIC\NES\NESME 1307h\NESME.asm
                   outby0   0x000063    program     static D:\PIC\NES\NESME 1307h\NESME.asm
                   outby1   0x000068    program     static D:\PIC\NES\NESME 1307h\NESME.asm
                   outby2   0x000069    program     static D:\PIC\NES\NESME 1307h\NESME.asm
                     BIT0   0x00006c    program     static D:\PIC\NES\NESME 1307h\NESME.asm
                 ndelaya0   0x00006d    program     static D:\PIC\NES\NESME 1307h\NESME.asm
                 ndelaya1   0x00006f    program     static D:\PIC\NES\NESME 1307h\NESME.asm
                 ndelayb0   0x000072    program     static D:\PIC\NES\NESME 1307h\NESME.asm
                 ndelayb1   0x000074    program     static D:\PIC\NES\NESME 1307h\NESME.asm
                     BIT1   0x000077    program     static D:\PIC\NES\NESME 1307h\NESME.asm
                 ndelayc0   0x000078    program     static D:\PIC\NES\NESME 1307h\NESME.asm
                 ndelayc1   0x00007a    program     static D:\PIC\NES\NESME 1307h\NESME.asm
                 ndelaye0   0x00007d    program     static D:\PIC\NES\NESME 1307h\NESME.asm
                 ndelaye1   0x00007f    program     static D:\PIC\NES\NESME 1307h\NESME.asm
               UPDATE_SUM   0x000082    program     static D:\PIC\NES\NESME 1307h\NESME.asm
                   ENCODE   0x000096    program     static D:\PIC\NES\NESME 1307h\NESME.asm
                      SUM   0x00009a    program     static D:\PIC\NES\NESME 1307h\NESME.asm
                    PAUSE   0x0000a2    program     static D:\PIC\NES\NESME 1307h\NESME.asm
                 HEADERTS   0x0000aa    program     static D:\PIC\NES\NESME 1307h\NESME.asm
                  head0ts   0x0000ac    program     static D:\PIC\NES\NESME 1307h\NESME.asm
                OUTBYTETS   0x0000b1    program     static D:\PIC\NES\NESME 1307h\NESME.asm
                 outby0ts   0x0000b4    program     static D:\PIC\NES\NESME 1307h\NESME.asm
                 outby1ts   0x0000b9    program     static D:\PIC\NES\NESME 1307h\NESME.asm
                 outby2ts   0x0000ba    program     static D:\PIC\NES\NESME 1307h\NESME.asm
                 TESTSEND   0x0000bf    program     static D:\PIC\NES\NESME 1307h\NESME.asm
                       T1   0x0000c1    program     static D:\PIC\NES\NESME 1307h\NESME.asm
                TESTSEND2   0x0000de    program     static D:\PIC\NES\NESME 1307h\NESME.asm
                   TS2TS1   0x0000e2    program     static D:\PIC\NES\NESME 1307h\NESME.asm
               TS2byte1_1   0x0000e5    program     static D:\PIC\NES\NESME 1307h\NESME.asm
               TS2byte1_2   0x0000e7    program     static D:\PIC\NES\NESME 1307h\NESME.asm
               TS2byte1_3   0x0000e9    program     static D:\PIC\NES\NESME 1307h\NESME.asm
                   TS2TS2   0x0000f1    program     static D:\PIC\NES\NESME 1307h\NESME.asm
               TS2byte2_1   0x0000f2    program     static D:\PIC\NES\NESME 1307h\NESME.asm
               TS2byte2_2   0x0000f4    program     static D:\PIC\NES\NESME 1307h\NESME.asm
               TS2byte2_3   0x0000f6    program     static D:\PIC\NES\NESME 1307h\NESME.asm
                   TS2TS3   0x0000fe    program     static D:\PIC\NES\NESME 1307h\NESME.asm
               TS2byte3_1   0x0000ff    program     static D:\PIC\NES\NESME 1307h\NESME.asm
               TS2byte3_2   0x000101    program     static D:\PIC\NES\NESME 1307h\NESME.asm
               TS2byte3_3   0x000103    program     static D:\PIC\NES\NESME 1307h\NESME.asm
                   TS2TS4   0x00010b    program     static D:\PIC\NES\NESME 1307h\NESME.asm
               TS2byte4_1   0x00010c    program     static D:\PIC\NES\NESME 1307h\NESME.asm
               TS2byte4_2   0x00010e    program     static D:\PIC\NES\NESME 1307h\NESME.asm
               TS2byte4_3   0x000110    program     static D:\PIC\NES\NESME 1307h\NESME.asm
                TESTSEND3   0x000117    program     static D:\PIC\NES\NESME 1307h\NESME.asm
                      TS1   0x00011b    program     static D:\PIC\NES\NESME 1307h\NESME.asm
                  byte1_1   0x00011c    program     static D:\PIC\NES\NESME 1307h\NESME.asm
                  byte1_2   0x00011e    program     static D:\PIC\NES\NESME 1307h\NESME.asm
                  byte1_3   0x000120    program     static D:\PIC\NES\NESME 1307h\NESME.asm
                      TS2   0x000126    program     static D:\PIC\NES\NESME 1307h\NESME.asm
                  byte2_1   0x000127    program     static D:\PIC\NES\NESME 1307h\NESME.asm
                  byte2_2   0x000129    program     static D:\PIC\NES\NESME 1307h\NESME.asm
                  byte2_3   0x00012b    program     static D:\PIC\NES\NESME 1307h\NESME.asm
                      TS3   0x000131    program     static D:\PIC\NES\NESME 1307h\NESME.asm
                  byte3_1   0x000132    program     static D:\PIC\NES\NESME 1307h\NESME.asm
                  byte3_2   0x000134    program     static D:\PIC\NES\NESME 1307h\NESME.asm
                  byte3_3   0x000136    program     static D:\PIC\NES\NESME 1307h\NESME.asm
                      TS4   0x00013c    program     static D:\PIC\NES\NESME 1307h\NESME.asm
                  byte4_1   0x00013d    program     static D:\PIC\NES\NESME 1307h\NESME.asm
                  byte4_2   0x00013f    program     static D:\PIC\NES\NESME 1307h\NESME.asm
                  byte4_3   0x000141    program     static D:\PIC\NES\NESME 1307h\NESME.asm
               TESTSENDOK   0x000146    program     static D:\PIC\NES\NESME 1307h\NESME.asm
                    TS1OK   0x00015e    program     static D:\PIC\NES\NESME 1307h\NESME.asm
                byte1_1ok   0x000173    program     static D:\PIC\NES\NESME 1307h\NESME.asm
                byte1_2ok   0x00017d    program     static D:\PIC\NES\NESME 1307h\NESME.asm
                byte1_3ok   0x000187    program     static D:\PIC\NES\NESME 1307h\NESME.asm
                    TS2OK   0x000195    program     static D:\PIC\NES\NESME 1307h\NESME.asm
                byte2_1ok   0x0001aa    program     static D:\PIC\NES\NESME 1307h\NESME.asm
                byte2_2ok   0x0001b4    program     static D:\PIC\NES\NESME 1307h\NESME.asm
                byte2_3ok   0x0001be    program     static D:\PIC\NES\NESME 1307h\NESME.asm
                    TS3OK   0x0001cc    program     static D:\PIC\NES\NESME 1307h\NESME.asm
                byte3_1ok   0x0001e1    program     static D:\PIC\NES\NESME 1307h\NESME.asm
                byte3_2ok   0x0001eb    program     static D:\PIC\NES\NESME 1307h\NESME.asm
                byte3_3ok   0x0001f5    program     static D:\PIC\NES\NESME 1307h\NESME.asm
                    TS4OK   0x000203    program     static D:\PIC\NES\NESME 1307h\NESME.asm
                byte4_1ok   0x000218    program     static D:\PIC\NES\NESME 1307h\NESME.asm
                byte4_2ok   0x000222    program     static D:\PIC\NES\NESME 1307h\NESME.asm
                byte4_3ok   0x00022c    program     static D:\PIC\NES\NESME 1307h\NESME.asm


